{
  "id" : 2,
  "modified" : "2010-10-10T10:10:10-07:00",
  "category" : "Accessories",
  "description" : "Hello",
  "email" : "foo@example.com",
  "token" : "whoops",
  "whenLost" : "2010-10-10T10:10:10-07:00",
  "lat" : 1.23,
  "lon" : 9.87,
  "returned" : false,
  "found" : false
}