{
  "id" : null,
  "category" : "Sporting Goods",
  "description" : "Hello World",
  "email" : "foo@example.com",
  "token" : "abc123",
  "whenLost" : "2010-10-10T10:10:10.00000001-07:00",
  "lat" : 10.0,
  "lon" : 20.0,
  "returned" : false
}