{
  "id" : 123,
  "category" : "Accessories",
  "description" : "Stylish spork",
  "email" : "foo@example.com",
  "token" : "how now brown cow",
  "whenLost" : "2010-10-10T10:10:10.00000001-07:00",
  "lat" : 1.23,
  "lon" : 9.87,
  "returned" : true,
  "found" : false
}